<?xml version="1.0" encoding="UTF-8"?>
<testsuite name="clnrm" tests="1" failures="0" errors="0">
  <testcase name="span_counts" />
</testsuite>
